The ``7-base_geometry`` module
======================

Using ``integer_validator``
-------------------

>>> BaseGeometry = __import__('7-base_geometry').BaseGeometry
>>> bg = BaseGeometry()

**Basic input**
>>> bg.integer_validator("my_int", 12)
>>> bg.integer_validator("width", 89)

**passing value as str**
>>> try:
...     bg.integer_validator("name", "John")
... except Exception as e:
...     print("[{}] {}".format(e.__class__.__name__, e))
...
[TypeError] name must be an integer

**passing 0**
>>> try:
...     bg.integer_validator("age", 0)
... except Exception as e:
...     print("[{}] {}".format(e.__class__.__name__, e))
...
[ValueError] age must be greater than 0

**passing negative value**
>>> try:
...     bg.integer_validator("distance", -4)
... except Exception as e:
...     print("[{}] {}".format(e.__class__.__name__, e))
...
[ValueError] distance must be greater than 0


**passing 0 argument**
>>> try:
...     bg.integer_validator()
... except Exception as e:
...     print("[{}] {}".format(e.__class__.__name__, e))
...
[TypeError] BaseGeometry.integer_validator() missing 2 required positional arguments: 'name' and 'value'

**passing 1 arg**
>>> try:
...     bg.integer_validator("hello")
... except Exception as e:
...     print("[{}] {}".format(e.__class__.__name__, e))
...
[TypeError] BaseGeometry.integer_validator() missing 1 required positional argument: 'value'

**too many arg**
>>> try:
...     bg.integer_validator("hello", 5, 5)
... except Exception as e:
...     print("[{}] {}".format(e.__class__.__name__, e))
...
[TypeError] BaseGeometry.integer_validator() takes 3 positional arguments but 4 were given
